// Jest Snapshot v1, https://goo.gl/fbAQLP

exports[`display ProjectDetailPage component compare snapshot with previous record 1`] = `
Object {
  "asFragment": [Function],
  "baseElement": <body>
    <div>
      <section
        class="pf-v6-c-page__main-breadcrumb"
      />
      <section
        class="pf-v6-c-page__main-section"
      >
        <div
          class="page-layout__title-section"
        >
          <div>
            <h1
              class="pf-v6-c-content--h1"
              data-ouia-component-id="OUIA-Generated-Content-3"
              data-ouia-component-type="PF6/Content"
              data-ouia-safe="true"
              data-pf-content="true"
            />
          </div>
          <div
            class="page-layout__actions"
          >
            <div
              style="display: contents;"
            >
               
              <span>
                <a
                  aria-disabled="true"
                  class="pf-v6-c-button pf-m-primary pf-m-disabled pf-m-small"
                  data-discover="true"
                  data-ouia-component-id="OUIA-Generated-Button-primary-2"
                  data-ouia-component-type="PF6/Button"
                  data-ouia-safe="true"
                  href="/edit"
                  tabindex="-1"
                >
                  <span
                    class="pf-v6-c-button__text"
                  >
                    Edit Project
                  </span>
                </a>
              </span>
            </div>
          </div>
        </div>
      </section>
      <div
        class="pf-v6-c-divider"
        role="separator"
      />
      <section
        class="pf-v6-c-page__main-section"
      >
        <div>
          <div
            class="pf-v6-c-card content-box m-b-global content-box--responsive-content"
            data-ouia-component-id="OUIA-Generated-Card-3"
            data-ouia-component-type="PF6/Card"
            data-ouia-safe="true"
            id=""
          >
            <div
              class="pf-v6-c-card__body"
            />
          </div>
          <div
            class="m-b-global--sm"
          >
            <div
              class="pf-v6-l-flex pf-m-gap-sm"
            >
              <div
                class=""
              >
                <div>
                  <h2
                    class="pf-v6-c-content--h2"
                    data-ouia-component-id="OUIA-Generated-Content-4"
                    data-ouia-component-type="PF6/Content"
                    data-ouia-safe="true"
                    data-pf-content="true"
                  >
                    Build Configs
                  </h2>
                </div>
              </div>
              <div
                class="pf-m-align-right"
              >
                <div
                  style="display: contents;"
                >
                   
                  <span>
                    <a
                      aria-disabled="true"
                      class="pf-v6-c-button pf-m-secondary pf-m-disabled pf-m-small"
                      data-discover="true"
                      data-ouia-component-id="OUIA-Generated-Button-secondary-2"
                      data-ouia-component-type="PF6/Button"
                      data-ouia-safe="true"
                      href="/build-configs/create"
                      tabindex="-1"
                    >
                      <span
                        class="pf-v6-c-button__text"
                      >
                        Create Build Config
                      </span>
                    </a>
                  </span>
                </div>
              </div>
            </div>
          </div>
          <div
            class="m-b-global--sm"
          >
            <div
              class="pf-v6-l-flex pf-m-gap-sm"
            >
              <div
                class=""
              >
                <div
                  class="pf-v6-c-input-group"
                >
                  <div
                    class="pf-v6-c-input-group__item"
                  >
                    <div
                      class="filter-attribute-select"
                    >
                      <button
                        aria-expanded="false"
                        class="pf-v6-c-menu-toggle"
                        data-ouia-component-id="OUIA-Generated-MenuToggle-2"
                        data-ouia-component-type="PF6/MenuToggle"
                        data-ouia-safe="true"
                        type="button"
                      >
                        <span
                          class="pf-v6-c-menu-toggle__text"
                        >
                          Name
                        </span>
                        <span
                          class="pf-v6-c-menu-toggle__controls"
                        >
                          <span
                            class="pf-v6-c-menu-toggle__toggle-icon"
                          >
                            <svg
                              aria-hidden="true"
                              class="pf-v6-svg"
                              fill="currentColor"
                              height="1em"
                              role="img"
                              viewBox="0 0 320 512"
                              width="1em"
                            >
                              <path
                                d="M31.3 192h257.3c17.8 0 26.7 21.5 14.1 34.1L174.1 354.8c-7.8 7.8-20.5 7.8-28.3 0L17.2 226.1C4.6 213.5 13.5 192 31.3 192z"
                              />
                            </svg>
                          </span>
                        </span>
                      </button>
                    </div>
                  </div>
                  <div
                    class="pf-v6-c-input-group__item"
                  >
                    <span
                      class="pf-v6-c-form-control form-input"
                    >
                      <input
                        aria-invalid="false"
                        data-ouia-component-id="OUIA-Generated-TextInputBase-3"
                        data-ouia-component-type="PF6/TextInput"
                        data-ouia-safe="true"
                        id="filter-text"
                        placeholder="string | !string | s?ring | st*g"
                        type="text"
                        value=""
                      />
                    </span>
                  </div>
                </div>
              </div>
            </div>
          </div>
          <div
            class="pf-v6-c-card content-box"
            data-ouia-component-id="OUIA-Generated-Card-4"
            data-ouia-component-type="PF6/Card"
            data-ouia-safe="true"
            id=""
          />
          <div>
            <div
              class="pf-v6-c-pagination pf-m-bottom"
              data-ouia-component-id="OUIA-Generated-Pagination-bottom-2"
              data-ouia-component-type="PF6/Pagination"
              data-ouia-safe="true"
              id="options-menu-bottom-pagination"
              style="--pf-v6-c-pagination__nav-page-select--c-form-control--width-chars: 2;"
            >
              <div
                class="pf-v6-c-pagination__page-menu"
              >
                <button
                  aria-expanded="false"
                  aria-haspopup="listbox"
                  class="pf-v6-c-menu-toggle pf-m-plain pf-m-text"
                  data-ouia-component-id="OUIA-Generated-MenuToggle-plainText-2"
                  data-ouia-component-type="PF6/MenuToggle"
                  data-ouia-safe="true"
                  id="options-menu-bottom-toggle"
                  type="button"
                >
                  <span
                    class="pf-v6-c-menu-toggle__text"
                  >
                    <b>
                      0
                       - 
                      0
                    </b>
                     
                    of
                     
                    <b>
                      0
                    </b>
                     
                  </span>
                  <span
                    class="pf-v6-c-menu-toggle__controls"
                  >
                    <span
                      class="pf-v6-c-menu-toggle__toggle-icon"
                    >
                      <svg
                        aria-hidden="true"
                        class="pf-v6-svg"
                        fill="currentColor"
                        height="1em"
                        role="img"
                        viewBox="0 0 320 512"
                        width="1em"
                      >
                        <path
                          d="M31.3 192h257.3c17.8 0 26.7 21.5 14.1 34.1L174.1 354.8c-7.8 7.8-20.5 7.8-28.3 0L17.2 226.1C4.6 213.5 13.5 192 31.3 192z"
                        />
                      </svg>
                    </span>
                  </span>
                </button>
              </div>
              <nav
                aria-label="Pagination"
                class="pf-v6-c-pagination__nav"
              >
                <div
                  class="pf-v6-c-pagination__nav-control pf-m-first"
                >
                  <button
                    aria-label="Go to first page"
                    class="pf-v6-c-button pf-m-plain"
                    data-action="first"
                    data-ouia-component-id="OUIA-Generated-Button-plain-5"
                    data-ouia-component-type="PF6/Button"
                    data-ouia-safe="true"
                    disabled=""
                    type="button"
                  >
                    <span
                      class="pf-v6-c-button__icon"
                    >
                      <svg
                        aria-hidden="true"
                        class="pf-v6-svg"
                        fill="currentColor"
                        height="1em"
                        role="img"
                        viewBox="0 0 448 512"
                        width="1em"
                      >
                        <path
                          d="M223.7 239l136-136c9.4-9.4 24.6-9.4 33.9 0l22.6 22.6c9.4 9.4 9.4 24.6 0 33.9L319.9 256l96.4 96.4c9.4 9.4 9.4 24.6 0 33.9L393.7 409c-9.4 9.4-24.6 9.4-33.9 0l-136-136c-9.5-9.4-9.5-24.6-.1-34zm-192 34l136 136c9.4 9.4 24.6 9.4 33.9 0l22.6-22.6c9.4-9.4 9.4-24.6 0-33.9L127.9 256l96.4-96.4c9.4-9.4 9.4-24.6 0-33.9L201.7 103c-9.4-9.4-24.6-9.4-33.9 0l-136 136c-9.5 9.4-9.5 24.6-.1 34z"
                        />
                      </svg>
                    </span>
                  </button>
                </div>
                <div
                  class="pf-v6-c-pagination__nav-control"
                >
                  <button
                    aria-label="Go to previous page"
                    class="pf-v6-c-button pf-m-plain"
                    data-action="previous"
                    data-ouia-component-id="OUIA-Generated-Button-plain-6"
                    data-ouia-component-type="PF6/Button"
                    data-ouia-safe="true"
                    disabled=""
                    type="button"
                  >
                    <span
                      class="pf-v6-c-button__icon"
                    >
                      <svg
                        aria-hidden="true"
                        class="pf-v6-svg"
                        fill="currentColor"
                        height="1em"
                        role="img"
                        viewBox="0 0 256 512"
                        width="1em"
                      >
                        <path
                          d="M31.7 239l136-136c9.4-9.4 24.6-9.4 33.9 0l22.6 22.6c9.4 9.4 9.4 24.6 0 33.9L127.9 256l96.4 96.4c9.4 9.4 9.4 24.6 0 33.9L201.7 409c-9.4 9.4-24.6 9.4-33.9 0l-136-136c-9.5-9.4-9.5-24.6-.1-34z"
                        />
                      </svg>
                    </span>
                  </button>
                </div>
                <div
                  class="pf-v6-c-pagination__nav-page-select"
                >
                  <span
                    class="pf-v6-c-form-control pf-m-disabled"
                  >
                    <input
                      aria-invalid="false"
                      aria-label="Current page"
                      data-ouia-component-id="OUIA-Generated-TextInputBase-4"
                      data-ouia-component-type="PF6/TextInput"
                      data-ouia-safe="true"
                      disabled=""
                      max="0"
                      min="1"
                      type="number"
                      value="0"
                    />
                  </span>
                  <span
                    aria-hidden="true"
                  >
                    of
                     
                    0
                  </span>
                </div>
                <div
                  class="pf-v6-c-pagination__nav-control"
                >
                  <button
                    aria-label="Go to next page"
                    class="pf-v6-c-button pf-m-plain"
                    data-action="next"
                    data-ouia-component-id="OUIA-Generated-Button-plain-7"
                    data-ouia-component-type="PF6/Button"
                    data-ouia-safe="true"
                    disabled=""
                    type="button"
                  >
                    <span
                      class="pf-v6-c-button__icon"
                    >
                      <svg
                        aria-hidden="true"
                        class="pf-v6-svg"
                        fill="currentColor"
                        height="1em"
                        role="img"
                        viewBox="0 0 256 512"
                        width="1em"
                      >
                        <path
                          d="M224.3 273l-136 136c-9.4 9.4-24.6 9.4-33.9 0l-22.6-22.6c-9.4-9.4-9.4-24.6 0-33.9l96.4-96.4-96.4-96.4c-9.4-9.4-9.4-24.6 0-33.9L54.3 103c9.4-9.4 24.6-9.4 33.9 0l136 136c9.5 9.4 9.5 24.6.1 34z"
                        />
                      </svg>
                    </span>
                  </button>
                </div>
                <div
                  class="pf-v6-c-pagination__nav-control pf-m-last"
                >
                  <button
                    aria-label="Go to last page"
                    class="pf-v6-c-button pf-m-plain"
                    data-action="last"
                    data-ouia-component-id="OUIA-Generated-Button-plain-8"
                    data-ouia-component-type="PF6/Button"
                    data-ouia-safe="true"
                    disabled=""
                    type="button"
                  >
                    <span
                      class="pf-v6-c-button__icon"
                    >
                      <svg
                        aria-hidden="true"
                        class="pf-v6-svg"
                        fill="currentColor"
                        height="1em"
                        role="img"
                        viewBox="0 0 448 512"
                        width="1em"
                      >
                        <path
                          d="M224.3 273l-136 136c-9.4 9.4-24.6 9.4-33.9 0l-22.6-22.6c-9.4-9.4-9.4-24.6 0-33.9l96.4-96.4-96.4-96.4c-9.4-9.4-9.4-24.6 0-33.9L54.3 103c9.4-9.4 24.6-9.4 33.9 0l136 136c9.5 9.4 9.5 24.6.1 34zm192-34l-136-136c-9.4-9.4-24.6-9.4-33.9 0l-22.6 22.6c-9.4 9.4-9.4 24.6 0 33.9l96.4 96.4-96.4 96.4c-9.4 9.4-9.4 24.6 0 33.9l22.6 22.6c9.4 9.4 24.6 9.4 33.9 0l136-136c9.4-9.2 9.4-24.4 0-33.8z"
                        />
                      </svg>
                    </span>
                  </button>
                </div>
              </nav>
            </div>
          </div>
        </div>
      </section>
    </div>
  </body>,
  "container": <div>
    <section
      class="pf-v6-c-page__main-breadcrumb"
    />
    <section
      class="pf-v6-c-page__main-section"
    >
      <div
        class="page-layout__title-section"
      >
        <div>
          <h1
            class="pf-v6-c-content--h1"
            data-ouia-component-id="OUIA-Generated-Content-3"
            data-ouia-component-type="PF6/Content"
            data-ouia-safe="true"
            data-pf-content="true"
          />
        </div>
        <div
          class="page-layout__actions"
        >
          <div
            style="display: contents;"
          >
             
            <span>
              <a
                aria-disabled="true"
                class="pf-v6-c-button pf-m-primary pf-m-disabled pf-m-small"
                data-discover="true"
                data-ouia-component-id="OUIA-Generated-Button-primary-2"
                data-ouia-component-type="PF6/Button"
                data-ouia-safe="true"
                href="/edit"
                tabindex="-1"
              >
                <span
                  class="pf-v6-c-button__text"
                >
                  Edit Project
                </span>
              </a>
            </span>
          </div>
        </div>
      </div>
    </section>
    <div
      class="pf-v6-c-divider"
      role="separator"
    />
    <section
      class="pf-v6-c-page__main-section"
    >
      <div>
        <div
          class="pf-v6-c-card content-box m-b-global content-box--responsive-content"
          data-ouia-component-id="OUIA-Generated-Card-3"
          data-ouia-component-type="PF6/Card"
          data-ouia-safe="true"
          id=""
        >
          <div
            class="pf-v6-c-card__body"
          />
        </div>
        <div
          class="m-b-global--sm"
        >
          <div
            class="pf-v6-l-flex pf-m-gap-sm"
          >
            <div
              class=""
            >
              <div>
                <h2
                  class="pf-v6-c-content--h2"
                  data-ouia-component-id="OUIA-Generated-Content-4"
                  data-ouia-component-type="PF6/Content"
                  data-ouia-safe="true"
                  data-pf-content="true"
                >
                  Build Configs
                </h2>
              </div>
            </div>
            <div
              class="pf-m-align-right"
            >
              <div
                style="display: contents;"
              >
                 
                <span>
                  <a
                    aria-disabled="true"
                    class="pf-v6-c-button pf-m-secondary pf-m-disabled pf-m-small"
                    data-discover="true"
                    data-ouia-component-id="OUIA-Generated-Button-secondary-2"
                    data-ouia-component-type="PF6/Button"
                    data-ouia-safe="true"
                    href="/build-configs/create"
                    tabindex="-1"
                  >
                    <span
                      class="pf-v6-c-button__text"
                    >
                      Create Build Config
                    </span>
                  </a>
                </span>
              </div>
            </div>
          </div>
        </div>
        <div
          class="m-b-global--sm"
        >
          <div
            class="pf-v6-l-flex pf-m-gap-sm"
          >
            <div
              class=""
            >
              <div
                class="pf-v6-c-input-group"
              >
                <div
                  class="pf-v6-c-input-group__item"
                >
                  <div
                    class="filter-attribute-select"
                  >
                    <button
                      aria-expanded="false"
                      class="pf-v6-c-menu-toggle"
                      data-ouia-component-id="OUIA-Generated-MenuToggle-2"
                      data-ouia-component-type="PF6/MenuToggle"
                      data-ouia-safe="true"
                      type="button"
                    >
                      <span
                        class="pf-v6-c-menu-toggle__text"
                      >
                        Name
                      </span>
                      <span
                        class="pf-v6-c-menu-toggle__controls"
                      >
                        <span
                          class="pf-v6-c-menu-toggle__toggle-icon"
                        >
                          <svg
                            aria-hidden="true"
                            class="pf-v6-svg"
                            fill="currentColor"
                            height="1em"
                            role="img"
                            viewBox="0 0 320 512"
                            width="1em"
                          >
                            <path
                              d="M31.3 192h257.3c17.8 0 26.7 21.5 14.1 34.1L174.1 354.8c-7.8 7.8-20.5 7.8-28.3 0L17.2 226.1C4.6 213.5 13.5 192 31.3 192z"
                            />
                          </svg>
                        </span>
                      </span>
                    </button>
                  </div>
                </div>
                <div
                  class="pf-v6-c-input-group__item"
                >
                  <span
                    class="pf-v6-c-form-control form-input"
                  >
                    <input
                      aria-invalid="false"
                      data-ouia-component-id="OUIA-Generated-TextInputBase-3"
                      data-ouia-component-type="PF6/TextInput"
                      data-ouia-safe="true"
                      id="filter-text"
                      placeholder="string | !string | s?ring | st*g"
                      type="text"
                      value=""
                    />
                  </span>
                </div>
              </div>
            </div>
          </div>
        </div>
        <div
          class="pf-v6-c-card content-box"
          data-ouia-component-id="OUIA-Generated-Card-4"
          data-ouia-component-type="PF6/Card"
          data-ouia-safe="true"
          id=""
        />
        <div>
          <div
            class="pf-v6-c-pagination pf-m-bottom"
            data-ouia-component-id="OUIA-Generated-Pagination-bottom-2"
            data-ouia-component-type="PF6/Pagination"
            data-ouia-safe="true"
            id="options-menu-bottom-pagination"
            style="--pf-v6-c-pagination__nav-page-select--c-form-control--width-chars: 2;"
          >
            <div
              class="pf-v6-c-pagination__page-menu"
            >
              <button
                aria-expanded="false"
                aria-haspopup="listbox"
                class="pf-v6-c-menu-toggle pf-m-plain pf-m-text"
                data-ouia-component-id="OUIA-Generated-MenuToggle-plainText-2"
                data-ouia-component-type="PF6/MenuToggle"
                data-ouia-safe="true"
                id="options-menu-bottom-toggle"
                type="button"
              >
                <span
                  class="pf-v6-c-menu-toggle__text"
                >
                  <b>
                    0
                     - 
                    0
                  </b>
                   
                  of
                   
                  <b>
                    0
                  </b>
                   
                </span>
                <span
                  class="pf-v6-c-menu-toggle__controls"
                >
                  <span
                    class="pf-v6-c-menu-toggle__toggle-icon"
                  >
                    <svg
                      aria-hidden="true"
                      class="pf-v6-svg"
                      fill="currentColor"
                      height="1em"
                      role="img"
                      viewBox="0 0 320 512"
                      width="1em"
                    >
                      <path
                        d="M31.3 192h257.3c17.8 0 26.7 21.5 14.1 34.1L174.1 354.8c-7.8 7.8-20.5 7.8-28.3 0L17.2 226.1C4.6 213.5 13.5 192 31.3 192z"
                      />
                    </svg>
                  </span>
                </span>
              </button>
            </div>
            <nav
              aria-label="Pagination"
              class="pf-v6-c-pagination__nav"
            >
              <div
                class="pf-v6-c-pagination__nav-control pf-m-first"
              >
                <button
                  aria-label="Go to first page"
                  class="pf-v6-c-button pf-m-plain"
                  data-action="first"
                  data-ouia-component-id="OUIA-Generated-Button-plain-5"
                  data-ouia-component-type="PF6/Button"
                  data-ouia-safe="true"
                  disabled=""
                  type="button"
                >
                  <span
                    class="pf-v6-c-button__icon"
                  >
                    <svg
                      aria-hidden="true"
                      class="pf-v6-svg"
                      fill="currentColor"
                      height="1em"
                      role="img"
                      viewBox="0 0 448 512"
                      width="1em"
                    >
                      <path
                        d="M223.7 239l136-136c9.4-9.4 24.6-9.4 33.9 0l22.6 22.6c9.4 9.4 9.4 24.6 0 33.9L319.9 256l96.4 96.4c9.4 9.4 9.4 24.6 0 33.9L393.7 409c-9.4 9.4-24.6 9.4-33.9 0l-136-136c-9.5-9.4-9.5-24.6-.1-34zm-192 34l136 136c9.4 9.4 24.6 9.4 33.9 0l22.6-22.6c9.4-9.4 9.4-24.6 0-33.9L127.9 256l96.4-96.4c9.4-9.4 9.4-24.6 0-33.9L201.7 103c-9.4-9.4-24.6-9.4-33.9 0l-136 136c-9.5 9.4-9.5 24.6-.1 34z"
                      />
                    </svg>
                  </span>
                </button>
              </div>
              <div
                class="pf-v6-c-pagination__nav-control"
              >
                <button
                  aria-label="Go to previous page"
                  class="pf-v6-c-button pf-m-plain"
                  data-action="previous"
                  data-ouia-component-id="OUIA-Generated-Button-plain-6"
                  data-ouia-component-type="PF6/Button"
                  data-ouia-safe="true"
                  disabled=""
                  type="button"
                >
                  <span
                    class="pf-v6-c-button__icon"
                  >
                    <svg
                      aria-hidden="true"
                      class="pf-v6-svg"
                      fill="currentColor"
                      height="1em"
                      role="img"
                      viewBox="0 0 256 512"
                      width="1em"
                    >
                      <path
                        d="M31.7 239l136-136c9.4-9.4 24.6-9.4 33.9 0l22.6 22.6c9.4 9.4 9.4 24.6 0 33.9L127.9 256l96.4 96.4c9.4 9.4 9.4 24.6 0 33.9L201.7 409c-9.4 9.4-24.6 9.4-33.9 0l-136-136c-9.5-9.4-9.5-24.6-.1-34z"
                      />
                    </svg>
                  </span>
                </button>
              </div>
              <div
                class="pf-v6-c-pagination__nav-page-select"
              >
                <span
                  class="pf-v6-c-form-control pf-m-disabled"
                >
                  <input
                    aria-invalid="false"
                    aria-label="Current page"
                    data-ouia-component-id="OUIA-Generated-TextInputBase-4"
                    data-ouia-component-type="PF6/TextInput"
                    data-ouia-safe="true"
                    disabled=""
                    max="0"
                    min="1"
                    type="number"
                    value="0"
                  />
                </span>
                <span
                  aria-hidden="true"
                >
                  of
                   
                  0
                </span>
              </div>
              <div
                class="pf-v6-c-pagination__nav-control"
              >
                <button
                  aria-label="Go to next page"
                  class="pf-v6-c-button pf-m-plain"
                  data-action="next"
                  data-ouia-component-id="OUIA-Generated-Button-plain-7"
                  data-ouia-component-type="PF6/Button"
                  data-ouia-safe="true"
                  disabled=""
                  type="button"
                >
                  <span
                    class="pf-v6-c-button__icon"
                  >
                    <svg
                      aria-hidden="true"
                      class="pf-v6-svg"
                      fill="currentColor"
                      height="1em"
                      role="img"
                      viewBox="0 0 256 512"
                      width="1em"
                    >
                      <path
                        d="M224.3 273l-136 136c-9.4 9.4-24.6 9.4-33.9 0l-22.6-22.6c-9.4-9.4-9.4-24.6 0-33.9l96.4-96.4-96.4-96.4c-9.4-9.4-9.4-24.6 0-33.9L54.3 103c9.4-9.4 24.6-9.4 33.9 0l136 136c9.5 9.4 9.5 24.6.1 34z"
                      />
                    </svg>
                  </span>
                </button>
              </div>
              <div
                class="pf-v6-c-pagination__nav-control pf-m-last"
              >
                <button
                  aria-label="Go to last page"
                  class="pf-v6-c-button pf-m-plain"
                  data-action="last"
                  data-ouia-component-id="OUIA-Generated-Button-plain-8"
                  data-ouia-component-type="PF6/Button"
                  data-ouia-safe="true"
                  disabled=""
                  type="button"
                >
                  <span
                    class="pf-v6-c-button__icon"
                  >
                    <svg
                      aria-hidden="true"
                      class="pf-v6-svg"
                      fill="currentColor"
                      height="1em"
                      role="img"
                      viewBox="0 0 448 512"
                      width="1em"
                    >
                      <path
                        d="M224.3 273l-136 136c-9.4 9.4-24.6 9.4-33.9 0l-22.6-22.6c-9.4-9.4-9.4-24.6 0-33.9l96.4-96.4-96.4-96.4c-9.4-9.4-9.4-24.6 0-33.9L54.3 103c9.4-9.4 24.6-9.4 33.9 0l136 136c9.5 9.4 9.5 24.6.1 34zm192-34l-136-136c-9.4-9.4-24.6-9.4-33.9 0l-22.6 22.6c-9.4 9.4-9.4 24.6 0 33.9l96.4 96.4-96.4 96.4c-9.4 9.4-9.4 24.6 0 33.9l22.6 22.6c9.4 9.4 24.6 9.4 33.9 0l136-136c9.4-9.2 9.4-24.4 0-33.8z"
                      />
                    </svg>
                  </span>
                </button>
              </div>
            </nav>
          </div>
        </div>
      </div>
    </section>
  </div>,
  "debug": [Function],
  "findAllByAltText": [Function],
  "findAllByDisplayValue": [Function],
  "findAllByLabelText": [Function],
  "findAllByPlaceholderText": [Function],
  "findAllByRole": [Function],
  "findAllByTestId": [Function],
  "findAllByText": [Function],
  "findAllByTitle": [Function],
  "findByAltText": [Function],
  "findByDisplayValue": [Function],
  "findByLabelText": [Function],
  "findByPlaceholderText": [Function],
  "findByRole": [Function],
  "findByTestId": [Function],
  "findByText": [Function],
  "findByTitle": [Function],
  "getAllByAltText": [Function],
  "getAllByDisplayValue": [Function],
  "getAllByLabelText": [Function],
  "getAllByPlaceholderText": [Function],
  "getAllByRole": [Function],
  "getAllByTestId": [Function],
  "getAllByText": [Function],
  "getAllByTitle": [Function],
  "getByAltText": [Function],
  "getByDisplayValue": [Function],
  "getByLabelText": [Function],
  "getByPlaceholderText": [Function],
  "getByRole": [Function],
  "getByTestId": [Function],
  "getByText": [Function],
  "getByTitle": [Function],
  "queryAllByAltText": [Function],
  "queryAllByDisplayValue": [Function],
  "queryAllByLabelText": [Function],
  "queryAllByPlaceholderText": [Function],
  "queryAllByRole": [Function],
  "queryAllByTestId": [Function],
  "queryAllByText": [Function],
  "queryAllByTitle": [Function],
  "queryByAltText": [Function],
  "queryByDisplayValue": [Function],
  "queryByLabelText": [Function],
  "queryByPlaceholderText": [Function],
  "queryByRole": [Function],
  "queryByTestId": [Function],
  "queryByText": [Function],
  "queryByTitle": [Function],
  "rerender": [Function],
  "unmount": [Function],
}
`;
