// Jest Snapshot v1, https://goo.gl/fbAQLP

exports[`display ArtifactsPage component compare snapshot with previous record 1`] = `
Object {
  "asFragment": [Function],
  "baseElement": <body>
    <div>
      <section
        class="pf-v5-c-page__main-section pf-m-light"
      >
        <div
          class="pf-v5-c-content"
        >
          <h1
            class=""
            data-ouia-component-id="OUIA-Generated-Text-3"
            data-ouia-component-type="PF5/Text"
            data-ouia-safe="true"
            data-pf-content="true"
          >
            Artifacts
          </h1>
          <p
            class=""
            data-ouia-component-id="OUIA-Generated-Text-4"
            data-ouia-component-type="PF5/Text"
            data-ouia-safe="true"
            data-pf-content="true"
          >
            This page contains Artifacts used and produced by Builds, Artifact is represented by PNC Identifier and it may be for example 
            <span
              class="pf-v5-c-label"
            >
              <span
                class="pf-v5-c-label__content"
              >
                <span
                  class="pf-v5-c-label__text"
                >
                  pom
                </span>
              </span>
            </span>
            , 
            <span
              class="pf-v5-c-label"
            >
              <span
                class="pf-v5-c-label__content"
              >
                <span
                  class="pf-v5-c-label__text"
                >
                  jar
                </span>
              </span>
            </span>
             or an archive like 
            <span
              class="pf-v5-c-label"
            >
              <span
                class="pf-v5-c-label__content"
              >
                <span
                  class="pf-v5-c-label__text"
                >
                  tgz
                </span>
              </span>
            </span>
            .
          </p>
        </div>
      </section>
      <div
        class="pf-v5-c-divider"
        role="separator"
      />
      <section
        class="pf-v5-c-page__main-section"
      >
        <div
          class="shadow-global bg-w border-t-gray p-t-global p-b-global p-l-global p-r-global"
        >
          <div
            class=""
          >
            <div
              class="pf-v5-l-flex pf-m-space-items-none"
              style="gap: 1.5rem;"
            >
              <div
                class=""
              >
                <div
                  class="pf-v5-c-input-group"
                >
                  <div
                    class="pf-v5-c-input-group__item"
                  >
                    <div
                      class="filter-attribute-select"
                    >
                      <button
                        aria-expanded="false"
                        class="pf-v5-c-menu-toggle"
                        type="button"
                      >
                        <span
                          class="pf-v5-c-menu-toggle__text"
                        >
                          Identifier
                        </span>
                        <span
                          class="pf-v5-c-menu-toggle__controls"
                        >
                          <span
                            class="pf-v5-c-menu-toggle__toggle-icon"
                          >
                            <svg
                              aria-hidden="true"
                              class="pf-v5-svg"
                              fill="currentColor"
                              height="1em"
                              role="img"
                              viewBox="0 0 320 512"
                              width="1em"
                            >
                              <path
                                d="M31.3 192h257.3c17.8 0 26.7 21.5 14.1 34.1L174.1 354.8c-7.8 7.8-20.5 7.8-28.3 0L17.2 226.1C4.6 213.5 13.5 192 31.3 192z"
                              />
                            </svg>
                          </span>
                        </span>
                      </button>
                    </div>
                  </div>
                  <div
                    class="pf-v5-c-input-group__item"
                  >
                    <span
                      class="pf-v5-c-form-control form-input"
                    >
                      <input
                        aria-invalid="false"
                        data-ouia-component-id="OUIA-Generated-TextInputBase-3"
                        data-ouia-component-type="PF5/TextInput"
                        data-ouia-safe="true"
                        id="filter-text"
                        placeholder="string | !string | s?ring | st*g"
                        type="text"
                        value=""
                      />
                    </span>
                  </div>
                </div>
              </div>
            </div>
          </div>
        </div>
        <div
          class="shadow-global bg-w p-b-global p-l-global p-r-global"
        >
          <div
            class=""
          >
            <div
              class="pf-v5-l-flex pf-m-space-items-none"
              style="gap: 1.5rem;"
            >
              <div
                class=""
              >
                <label
                  class="pf-v5-c-switch"
                  data-ouia-component-id="OUIA-Generated-Switch-3"
                  data-ouia-component-type="PF5/Switch"
                  data-ouia-safe="true"
                  for="toggle-artifact-name-parsed"
                >
                  <input
                    aria-label=""
                    aria-labelledby="toggle-artifact-name-parsed-off"
                    class="pf-v5-c-switch__input"
                    id="toggle-artifact-name-parsed"
                    type="checkbox"
                  />
                  <span
                    class="pf-v5-c-switch__toggle"
                  />
                  <span
                    aria-hidden="true"
                    class="pf-v5-c-switch__label pf-m-on"
                    id="toggle-artifact-name-parsed-on"
                  >
                    Parse Artifact identifier
                  </span>
                  <span
                    aria-hidden="true"
                    class="pf-v5-c-switch__label pf-m-off"
                    id="toggle-artifact-name-parsed-off"
                  >
                    Parse Artifact identifier
                  </span>
                </label>
              </div>
              <div
                class=""
              >
                <label
                  class="pf-v5-c-switch"
                  data-ouia-component-id="OUIA-Generated-Switch-4"
                  data-ouia-component-type="PF5/Switch"
                  data-ouia-safe="true"
                  for="toggle-expand-build-associated"
                >
                  <input
                    aria-label=""
                    aria-labelledby="toggle-expand-build-associated-off"
                    class="pf-v5-c-switch__input"
                    id="toggle-expand-build-associated"
                    type="checkbox"
                  />
                  <span
                    class="pf-v5-c-switch__toggle"
                  />
                  <span
                    aria-hidden="true"
                    class="pf-v5-c-switch__label pf-m-on"
                    id="toggle-expand-build-associated-on"
                  >
                    Expand Build associated Artifacts
                  </span>
                  <span
                    aria-hidden="true"
                    class="pf-v5-c-switch__label pf-m-off"
                    id="toggle-expand-build-associated-off"
                  >
                    Expand Build associated Artifacts
                  </span>
                </label>
              </div>
            </div>
          </div>
        </div>
        <div
          class="shadow-global bg-w border-t-gray"
        >
          <div
            class=""
          >
            <table
              class="pf-v5-c-table pf-m-grid-md pf-m-compact pf-m-striped pf-m-expandable"
              data-ouia-component-id="OUIA-Generated-Table-2"
              data-ouia-component-type="PF5/Table"
              data-ouia-safe="true"
              role="grid"
            >
              <thead
                class="pf-v5-c-table__thead"
              >
                <tr
                  class="pf-v5-c-table__tr"
                  data-ouia-component-id="OUIA-Generated-TableRow-4"
                  data-ouia-component-type="PF5/TableRow"
                  data-ouia-safe="true"
                >
                  <th
                    aria-label="Expand all"
                    class="pf-v5-c-table__th pf-v5-c-table__toggle"
                    scope="col"
                    tabindex="-1"
                  >
                    <button
                      aria-disabled="false"
                      aria-expanded="false"
                      aria-label="Expand all rows"
                      aria-labelledby="simple-node-1 expand-toggle-1"
                      class="pf-v5-c-button pf-m-plain"
                      data-ouia-component-id="OUIA-Generated-Button-plain-11"
                      data-ouia-component-type="PF5/Button"
                      data-ouia-safe="true"
                      id="expand-toggle-1"
                      type="button"
                    >
                      <div
                        class="pf-v5-c-table__toggle-icon"
                      >
                        <svg
                          aria-hidden="true"
                          class="pf-v5-svg"
                          fill="currentColor"
                          height="1em"
                          role="img"
                          viewBox="0 0 320 512"
                          width="1em"
                        >
                          <path
                            d="M143 352.3L7 216.3c-9.4-9.4-9.4-24.6 0-33.9l22.6-22.6c9.4-9.4 24.6-9.4 33.9 0l96.4 96.4 96.4-96.4c9.4-9.4 24.6-9.4 33.9 0l22.6 22.6c9.4 9.4 9.4 24.6 0 33.9l-136 136c-9.2 9.4-24.4 9.4-33.8 0z"
                          />
                        </svg>
                      </div>
                    </button>
                  </th>
                  <th
                    aria-label="Build Icon"
                    class="pf-v5-c-table__th pf-m-width-10"
                    scope="col"
                    tabindex="-1"
                  />
                  <th
                    aria-sort="ascending"
                    class="pf-v5-c-table__th pf-v5-c-table__sort pf-m-selected pf-m-width-30"
                    scope="col"
                    tabindex="-1"
                  >
                    <button
                      class="pf-v5-c-table__button"
                      type="button"
                    >
                      <div
                        class="pf-v5-c-table__button-content"
                      >
                        <span
                          class="pf-v5-c-table__text"
                        >
                          Identifier
                        </span>
                        <span
                          class="pf-v5-c-table__sort-indicator"
                        >
                          <svg
                            aria-hidden="true"
                            class="pf-v5-svg"
                            fill="currentColor"
                            height="1em"
                            role="img"
                            viewBox="0 0 256 512"
                            width="1em"
                          >
                            <path
                              d="M88 166.059V468c0 6.627 5.373 12 12 12h56c6.627 0 12-5.373 12-12V166.059h46.059c21.382 0 32.09-25.851 16.971-40.971l-86.059-86.059c-9.373-9.373-24.569-9.373-33.941 0l-86.059 86.059c-15.119 15.119-4.411 40.971 16.971 40.971H88z"
                            />
                          </svg>
                        </span>
                      </div>
                    </button>
                  </th>
                  <th
                    aria-sort="none"
                    class="pf-v5-c-table__th pf-v5-c-table__sort pf-m-width-15"
                    scope="col"
                    tabindex="-1"
                  >
                    <button
                      class="pf-v5-c-table__button"
                      type="button"
                    >
                      <div
                        class="pf-v5-c-table__button-content"
                      >
                        <span
                          class="pf-v5-c-table__text"
                        >
                          Repository Type
                        </span>
                        <span
                          class="pf-v5-c-table__sort-indicator"
                        >
                          <svg
                            aria-hidden="true"
                            class="pf-v5-svg"
                            fill="currentColor"
                            height="1em"
                            role="img"
                            viewBox="0 0 256 512"
                            width="1em"
                          >
                            <path
                              d="M214.059 377.941H168V134.059h46.059c21.382 0 32.09-25.851 16.971-40.971L144.971 7.029c-9.373-9.373-24.568-9.373-33.941 0L24.971 93.088c-15.119 15.119-4.411 40.971 16.971 40.971H88v243.882H41.941c-21.382 0-32.09 25.851-16.971 40.971l86.059 86.059c9.373 9.373 24.568 9.373 33.941 0l86.059-86.059c15.12-15.119 4.412-40.971-16.97-40.971z"
                            />
                          </svg>
                        </span>
                      </div>
                    </button>
                  </th>
                  <th
                    aria-sort="none"
                    class="pf-v5-c-table__th pf-v5-c-table__sort pf-m-width-15"
                    scope="col"
                    tabindex="-1"
                  >
                    <button
                      class="pf-v5-c-table__button"
                      type="button"
                    >
                      <div
                        class="pf-v5-c-table__button-content"
                      >
                        <span
                          class="pf-v5-c-table__text"
                        >
                          Build Category
                        </span>
                        <span
                          class="pf-v5-c-table__sort-indicator"
                        >
                          <svg
                            aria-hidden="true"
                            class="pf-v5-svg"
                            fill="currentColor"
                            height="1em"
                            role="img"
                            viewBox="0 0 256 512"
                            width="1em"
                          >
                            <path
                              d="M214.059 377.941H168V134.059h46.059c21.382 0 32.09-25.851 16.971-40.971L144.971 7.029c-9.373-9.373-24.568-9.373-33.941 0L24.971 93.088c-15.119 15.119-4.411 40.971 16.971 40.971H88v243.882H41.941c-21.382 0-32.09 25.851-16.971 40.971l86.059 86.059c9.373 9.373 24.568 9.373 33.941 0l86.059-86.059c15.12-15.119 4.412-40.971-16.97-40.971z"
                            />
                          </svg>
                        </span>
                      </div>
                    </button>
                  </th>
                  <th
                    aria-sort="none"
                    class="pf-v5-c-table__th pf-v5-c-table__sort pf-m-width-25"
                    scope="col"
                    tabindex="-1"
                  >
                    <button
                      class="pf-v5-c-table__button"
                      type="button"
                    >
                      <div
                        class="pf-v5-c-table__button-content"
                      >
                        <span
                          class="pf-v5-c-table__text"
                        >
                          Filename
                        </span>
                        <span
                          class="pf-v5-c-table__sort-indicator"
                        >
                          <svg
                            aria-hidden="true"
                            class="pf-v5-svg"
                            fill="currentColor"
                            height="1em"
                            role="img"
                            viewBox="0 0 256 512"
                            width="1em"
                          >
                            <path
                              d="M214.059 377.941H168V134.059h46.059c21.382 0 32.09-25.851 16.971-40.971L144.971 7.029c-9.373-9.373-24.568-9.373-33.941 0L24.971 93.088c-15.119 15.119-4.411 40.971 16.971 40.971H88v243.882H41.941c-21.382 0-32.09 25.851-16.971 40.971l86.059 86.059c9.373 9.373 24.568 9.373 33.941 0l86.059-86.059c15.12-15.119 4.412-40.971-16.97-40.971z"
                            />
                          </svg>
                        </span>
                      </div>
                    </button>
                  </th>
                  <th
                    aria-sort="none"
                    class="pf-v5-c-table__th pf-v5-c-table__sort pf-m-width-15"
                    scope="col"
                    tabindex="-1"
                  >
                    <button
                      class="pf-v5-c-table__button"
                      type="button"
                    >
                      <div
                        class="pf-v5-c-table__button-content"
                      >
                        <span
                          class="pf-v5-c-table__text"
                        >
                          Artifact Quality
                        </span>
                        <span
                          class="pf-v5-c-table__sort-indicator"
                        >
                          <svg
                            aria-hidden="true"
                            class="pf-v5-svg"
                            fill="currentColor"
                            height="1em"
                            role="img"
                            viewBox="0 0 256 512"
                            width="1em"
                          >
                            <path
                              d="M214.059 377.941H168V134.059h46.059c21.382 0 32.09-25.851 16.971-40.971L144.971 7.029c-9.373-9.373-24.568-9.373-33.941 0L24.971 93.088c-15.119 15.119-4.411 40.971 16.971 40.971H88v243.882H41.941c-21.382 0-32.09 25.851-16.971 40.971l86.059 86.059c9.373 9.373 24.568 9.373 33.941 0l86.059-86.059c15.12-15.119 4.412-40.971-16.97-40.971z"
                            />
                          </svg>
                        </span>
                      </div>
                    </button>
                  </th>
                </tr>
              </thead>
              <tbody
                class="pf-v5-c-table__tbody"
                role="rowgroup"
              >
                <tr
                  class="pf-v5-c-table__tr"
                  data-ouia-component-id="OUIA-Generated-TableRow-5"
                  data-ouia-component-type="PF5/TableRow"
                  data-ouia-safe="true"
                >
                  <td
                    class="pf-v5-c-table__td pf-v5-c-table__toggle"
                    tabindex="-1"
                  >
                    <button
                      aria-disabled="false"
                      aria-expanded="false"
                      aria-label="Details"
                      aria-labelledby="simple-node0 expand-toggle0"
                      class="pf-v5-c-button pf-m-plain"
                      data-ouia-component-id="OUIA-Generated-Button-plain-12"
                      data-ouia-component-type="PF5/Button"
                      data-ouia-safe="true"
                      id="expand-toggle0"
                      type="button"
                    >
                      <div
                        class="pf-v5-c-table__toggle-icon"
                      >
                        <svg
                          aria-hidden="true"
                          class="pf-v5-svg"
                          fill="currentColor"
                          height="1em"
                          role="img"
                          viewBox="0 0 320 512"
                          width="1em"
                        >
                          <path
                            d="M143 352.3L7 216.3c-9.4-9.4-9.4-24.6 0-33.9l22.6-22.6c9.4-9.4 24.6-9.4 33.9 0l96.4 96.4 96.4-96.4c9.4-9.4 24.6-9.4 33.9 0l22.6 22.6c9.4 9.4 9.4 24.6 0 33.9l-136 136c-9.2 9.4-24.4 9.4-33.8 0z"
                          />
                        </svg>
                      </div>
                    </button>
                  </td>
                  <td
                    class="pf-v5-c-table__td"
                    tabindex="-1"
                  />
                  <td
                    class="pf-v5-c-table__td"
                    tabindex="-1"
                  >
                    <div
                      class="pf-v5-l-flex pf-m-space-items-lg"
                    >
                      <div
                        class=""
                      >
                        <a
                          href="/artifacts/1853"
                        >
                          abbrev:1.1.1
                        </a>
                      </div>
                    </div>
                  </td>
                  <td
                    class="pf-v5-c-table__td"
                    tabindex="-1"
                  >
                    <span
                      class="pf-v5-c-label pf-m-purple"
                    >
                      <span
                        class="pf-v5-c-label__content"
                      >
                        <span
                          class="pf-v5-c-label__text"
                        >
                          NPM
                        </span>
                      </span>
                    </span>
                  </td>
                  <td
                    class="pf-v5-c-table__td"
                    tabindex="-1"
                  >
                    <span
                      class="pf-v5-c-label"
                    >
                      <span
                        class="pf-v5-c-label__content"
                      >
                        <span
                          class="pf-v5-c-label__text"
                        >
                          STANDARD
                        </span>
                      </span>
                    </span>
                  </td>
                  <td
                    class="pf-v5-c-table__td"
                    tabindex="-1"
                  >
                    <div>
                      <span
                        class="download-icon"
                      >
                        <a
                          href="http://indy-gateway-master-devel.psi.redhat.com/api/content/npm/hosted/shared-imports/abbrev/-/abbrev-1.1.1.tgz"
                          target="_self"
                        >
                          <svg
                            aria-hidden="true"
                            class="pf-v5-svg"
                            fill="currentColor"
                            height="1em"
                            role="img"
                            viewBox="0 0 512 512"
                            width="1em"
                          >
                            <path
                              d="M216 0h80c13.3 0 24 10.7 24 24v168h87.7c17.8 0 26.7 21.5 14.1 34.1L269.7 378.3c-7.5 7.5-19.8 7.5-27.3 0L90.1 226.1c-12.6-12.6-3.7-34.1 14.1-34.1H192V24c0-13.3 10.7-24 24-24zm296 376v112c0 13.3-10.7 24-24 24H24c-13.3 0-24-10.7-24-24V376c0-13.3 10.7-24 24-24h146.7l49 49c20.1 20.1 52.5 20.1 72.6 0l49-49H488c13.3 0 24 10.7 24 24zm-124 88c0-11-9-20-20-20s-20 9-20 20 9 20 20 20 20-9 20-20zm64 0c0-11-9-20-20-20s-20 9-20 20 9 20 20 20 20-9 20-20z"
                            />
                          </svg>
                        </a>
                      </span>
                      <span>
                        <a
                          href="http://indy-gateway-master-devel.psi.redhat.com/api/content/npm/hosted/shared-imports/abbrev/-/abbrev-1.1.1.tgz"
                          target="_self"
                        >
                          abbrev-1.1.1.tgz
                        </a>
                      </span>
                    </div>
                  </td>
                  <td
                    class="pf-v5-c-table__td"
                    tabindex="-1"
                  >
                    <span
                      class="pf-v5-c-label"
                    >
                      <span
                        class="pf-v5-c-label__content"
                      >
                        <span
                          class="pf-v5-c-label__text"
                        >
                          NEW
                        </span>
                      </span>
                    </span>
                  </td>
                </tr>
                <tr
                  class="pf-v5-c-table__tr pf-v5-c-table__expandable-row"
                  data-ouia-component-id="OUIA-Generated-TableRow-6"
                  data-ouia-component-type="PF5/TableRow"
                  data-ouia-safe="true"
                  hidden=""
                >
                  <td
                    class="pf-v5-c-table__td"
                    tabindex="-1"
                  />
                  <td
                    class="pf-v5-c-table__td"
                    colspan="7"
                    tabindex="-1"
                  >
                    <div
                      class="pf-v5-c-table__expandable-row-content"
                    >
                      <dl
                        class="pf-v5-c-description-list pf-m-horizontal pf-m-compact gap-5"
                      >
                        <div
                          class="pf-v5-c-description-list__group"
                        >
                          <dt
                            class="pf-v5-c-description-list__term"
                          >
                            <span
                              class="pf-v5-c-description-list__text"
                            >
                              md5
                            </span>
                          </dt>
                          <dd
                            class="pf-v5-c-description-list__description"
                          >
                            <div
                              class="pf-v5-c-description-list__text"
                            >
                              a2177e7d2ad8d263e6c38e6fe8dd6f79
                            </div>
                          </dd>
                        </div>
                        <div
                          class="pf-v5-c-description-list__group"
                        >
                          <dt
                            class="pf-v5-c-description-list__term"
                          >
                            <span
                              class="pf-v5-c-description-list__text"
                            >
                              sha1
                            </span>
                          </dt>
                          <dd
                            class="pf-v5-c-description-list__description"
                          >
                            <div
                              class="pf-v5-c-description-list__text"
                            >
                              f8f2c887ad10bf67f634f005b6987fed3179aac8
                            </div>
                          </dd>
                        </div>
                        <div
                          class="pf-v5-c-description-list__group"
                        >
                          <dt
                            class="pf-v5-c-description-list__term"
                          >
                            <span
                              class="pf-v5-c-description-list__text"
                            >
                              sha256
                            </span>
                          </dt>
                          <dd
                            class="pf-v5-c-description-list__description"
                          >
                            <div
                              class="pf-v5-c-description-list__text"
                            >
                              0cc19d22a5f9a54ff45f64509c56c7aedb358215a41be9a9c7c0be8c8673ba6d
                            </div>
                          </dd>
                        </div>
                        <div
                          class="pf-v5-c-description-list__group m-t-10"
                        >
                          <dt
                            class="pf-v5-c-description-list__term"
                          >
                            <span
                              class="pf-v5-c-description-list__text"
                            >
                              Build
                            </span>
                          </dt>
                          <dd
                            class="pf-v5-c-description-list__description"
                          >
                            <div
                              class="pf-v5-c-description-list__text"
                            >
                              <div
                                style="display: contents;"
                              >
                                 
                                <svg
                                  aria-hidden="true"
                                  class="pf-v5-svg"
                                  fill="currentColor"
                                  height="1em"
                                  role="img"
                                  viewBox="0 0 512 512"
                                  width="1em"
                                >
                                  <path
                                    d="M256 8C119.043 8 8 119.083 8 256c0 136.997 111.043 248 248 248s248-111.003 248-248C504 119.083 392.957 8 256 8zm0 110c23.196 0 42 18.804 42 42s-18.804 42-42 42-42-18.804-42-42 18.804-42 42-42zm56 254c0 6.627-5.373 12-12 12h-88c-6.627 0-12-5.373-12-12v-24c0-6.627 5.373-12 12-12h12v-64h-12c-6.627 0-12-5.373-12-12v-24c0-6.627 5.373-12 12-12h64c6.627 0 12 5.373 12 12v100h12c6.627 0 12 5.373 12 12v24z"
                                  />
                                </svg>
                              </div>
                               
                              <span>
                                <span
                                  class="value-empty"
                                >
                                  Empty
                                </span>
                              </span>
                            </div>
                          </dd>
                        </div>
                      </dl>
                    </div>
                  </td>
                </tr>
              </tbody>
            </table>
          </div>
        </div>
        <div
          class="shadow-global bg-w"
        >
          <div
            class=""
          >
            <div>
              <div
                class="pf-v5-c-pagination pf-m-bottom"
                data-ouia-component-id="OUIA-Generated-Pagination-bottom-2"
                data-ouia-component-type="PF5/Pagination"
                data-ouia-safe="true"
                id="options-menu-bottom-pagination"
                style="--pf-v5-c-pagination__nav-page-select--c-form-control--width-chars: 2;"
              >
                <div>
                  <button
                    aria-expanded="false"
                    aria-haspopup="listbox"
                    class="pf-v5-c-menu-toggle pf-m-plain pf-m-text"
                    id="options-menu-bottom-toggle"
                    type="button"
                  >
                    <span
                      class="pf-v5-c-menu-toggle__text"
                    >
                      <b>
                        1
                         - 
                        1
                      </b>
                       
                      of
                       
                      <b>
                        1
                      </b>
                       
                      
                    </span>
                    <span
                      class="pf-v5-c-menu-toggle__controls"
                    >
                      <span
                        class="pf-v5-c-menu-toggle__toggle-icon"
                      >
                        <svg
                          aria-hidden="true"
                          class="pf-v5-svg"
                          fill="currentColor"
                          height="1em"
                          role="img"
                          viewBox="0 0 320 512"
                          width="1em"
                        >
                          <path
                            d="M31.3 192h257.3c17.8 0 26.7 21.5 14.1 34.1L174.1 354.8c-7.8 7.8-20.5 7.8-28.3 0L17.2 226.1C4.6 213.5 13.5 192 31.3 192z"
                          />
                        </svg>
                      </span>
                    </span>
                  </button>
                </div>
                <nav
                  aria-label="Pagination"
                  class="pf-v5-c-pagination__nav"
                >
                  <div
                    class="pf-v5-c-pagination__nav-control pf-m-first"
                  >
                    <button
                      aria-disabled="true"
                      aria-label="Go to first page"
                      class="pf-v5-c-button pf-m-plain pf-m-disabled"
                      data-action="first"
                      data-ouia-component-id="OUIA-Generated-Button-plain-7"
                      data-ouia-component-type="PF5/Button"
                      data-ouia-safe="true"
                      disabled=""
                      type="button"
                    >
                      <svg
                        aria-hidden="true"
                        class="pf-v5-svg"
                        fill="currentColor"
                        height="1em"
                        role="img"
                        viewBox="0 0 448 512"
                        width="1em"
                      >
                        <path
                          d="M223.7 239l136-136c9.4-9.4 24.6-9.4 33.9 0l22.6 22.6c9.4 9.4 9.4 24.6 0 33.9L319.9 256l96.4 96.4c9.4 9.4 9.4 24.6 0 33.9L393.7 409c-9.4 9.4-24.6 9.4-33.9 0l-136-136c-9.5-9.4-9.5-24.6-.1-34zm-192 34l136 136c9.4 9.4 24.6 9.4 33.9 0l22.6-22.6c9.4-9.4 9.4-24.6 0-33.9L127.9 256l96.4-96.4c9.4-9.4 9.4-24.6 0-33.9L201.7 103c-9.4-9.4-24.6-9.4-33.9 0l-136 136c-9.5 9.4-9.5 24.6-.1 34z"
                        />
                      </svg>
                    </button>
                  </div>
                  <div
                    class="pf-v5-c-pagination__nav-control"
                  >
                    <button
                      aria-disabled="true"
                      aria-label="Go to previous page"
                      class="pf-v5-c-button pf-m-plain pf-m-disabled"
                      data-action="previous"
                      data-ouia-component-id="OUIA-Generated-Button-plain-8"
                      data-ouia-component-type="PF5/Button"
                      data-ouia-safe="true"
                      disabled=""
                      type="button"
                    >
                      <svg
                        aria-hidden="true"
                        class="pf-v5-svg"
                        fill="currentColor"
                        height="1em"
                        role="img"
                        viewBox="0 0 256 512"
                        width="1em"
                      >
                        <path
                          d="M31.7 239l136-136c9.4-9.4 24.6-9.4 33.9 0l22.6 22.6c9.4 9.4 9.4 24.6 0 33.9L127.9 256l96.4 96.4c9.4 9.4 9.4 24.6 0 33.9L201.7 409c-9.4 9.4-24.6 9.4-33.9 0l-136-136c-9.5-9.4-9.5-24.6-.1-34z"
                        />
                      </svg>
                    </button>
                  </div>
                  <div
                    class="pf-v5-c-pagination__nav-page-select"
                  >
                    <span
                      class="pf-v5-c-form-control pf-m-disabled"
                    >
                      <input
                        aria-invalid="false"
                        aria-label="Current page"
                        data-ouia-component-id="OUIA-Generated-TextInputBase-4"
                        data-ouia-component-type="PF5/TextInput"
                        data-ouia-safe="true"
                        disabled=""
                        max="1"
                        min="1"
                        type="number"
                        value="1"
                      />
                    </span>
                    <span
                      aria-hidden="true"
                    >
                      of
                       
                      1
                    </span>
                  </div>
                  <div
                    class="pf-v5-c-pagination__nav-control"
                  >
                    <button
                      aria-disabled="true"
                      aria-label="Go to next page"
                      class="pf-v5-c-button pf-m-plain pf-m-disabled"
                      data-action="next"
                      data-ouia-component-id="OUIA-Generated-Button-plain-9"
                      data-ouia-component-type="PF5/Button"
                      data-ouia-safe="true"
                      disabled=""
                      type="button"
                    >
                      <svg
                        aria-hidden="true"
                        class="pf-v5-svg"
                        fill="currentColor"
                        height="1em"
                        role="img"
                        viewBox="0 0 256 512"
                        width="1em"
                      >
                        <path
                          d="M224.3 273l-136 136c-9.4 9.4-24.6 9.4-33.9 0l-22.6-22.6c-9.4-9.4-9.4-24.6 0-33.9l96.4-96.4-96.4-96.4c-9.4-9.4-9.4-24.6 0-33.9L54.3 103c9.4-9.4 24.6-9.4 33.9 0l136 136c9.5 9.4 9.5 24.6.1 34z"
                        />
                      </svg>
                    </button>
                  </div>
                  <div
                    class="pf-v5-c-pagination__nav-control pf-m-last"
                  >
                    <button
                      aria-disabled="true"
                      aria-label="Go to last page"
                      class="pf-v5-c-button pf-m-plain pf-m-disabled"
                      data-action="last"
                      data-ouia-component-id="OUIA-Generated-Button-plain-10"
                      data-ouia-component-type="PF5/Button"
                      data-ouia-safe="true"
                      disabled=""
                      type="button"
                    >
                      <svg
                        aria-hidden="true"
                        class="pf-v5-svg"
                        fill="currentColor"
                        height="1em"
                        role="img"
                        viewBox="0 0 448 512"
                        width="1em"
                      >
                        <path
                          d="M224.3 273l-136 136c-9.4 9.4-24.6 9.4-33.9 0l-22.6-22.6c-9.4-9.4-9.4-24.6 0-33.9l96.4-96.4-96.4-96.4c-9.4-9.4-9.4-24.6 0-33.9L54.3 103c9.4-9.4 24.6-9.4 33.9 0l136 136c9.5 9.4 9.5 24.6.1 34zm192-34l-136-136c-9.4-9.4-24.6-9.4-33.9 0l-22.6 22.6c-9.4 9.4-9.4 24.6 0 33.9l96.4 96.4-96.4 96.4c-9.4 9.4-9.4 24.6 0 33.9l22.6 22.6c9.4 9.4 24.6 9.4 33.9 0l136-136c9.4-9.2 9.4-24.4 0-33.8z"
                        />
                      </svg>
                    </button>
                  </div>
                </nav>
              </div>
            </div>
          </div>
        </div>
      </section>
    </div>
  </body>,
  "container": <div>
    <section
      class="pf-v5-c-page__main-section pf-m-light"
    >
      <div
        class="pf-v5-c-content"
      >
        <h1
          class=""
          data-ouia-component-id="OUIA-Generated-Text-3"
          data-ouia-component-type="PF5/Text"
          data-ouia-safe="true"
          data-pf-content="true"
        >
          Artifacts
        </h1>
        <p
          class=""
          data-ouia-component-id="OUIA-Generated-Text-4"
          data-ouia-component-type="PF5/Text"
          data-ouia-safe="true"
          data-pf-content="true"
        >
          This page contains Artifacts used and produced by Builds, Artifact is represented by PNC Identifier and it may be for example 
          <span
            class="pf-v5-c-label"
          >
            <span
              class="pf-v5-c-label__content"
            >
              <span
                class="pf-v5-c-label__text"
              >
                pom
              </span>
            </span>
          </span>
          , 
          <span
            class="pf-v5-c-label"
          >
            <span
              class="pf-v5-c-label__content"
            >
              <span
                class="pf-v5-c-label__text"
              >
                jar
              </span>
            </span>
          </span>
           or an archive like 
          <span
            class="pf-v5-c-label"
          >
            <span
              class="pf-v5-c-label__content"
            >
              <span
                class="pf-v5-c-label__text"
              >
                tgz
              </span>
            </span>
          </span>
          .
        </p>
      </div>
    </section>
    <div
      class="pf-v5-c-divider"
      role="separator"
    />
    <section
      class="pf-v5-c-page__main-section"
    >
      <div
        class="shadow-global bg-w border-t-gray p-t-global p-b-global p-l-global p-r-global"
      >
        <div
          class=""
        >
          <div
            class="pf-v5-l-flex pf-m-space-items-none"
            style="gap: 1.5rem;"
          >
            <div
              class=""
            >
              <div
                class="pf-v5-c-input-group"
              >
                <div
                  class="pf-v5-c-input-group__item"
                >
                  <div
                    class="filter-attribute-select"
                  >
                    <button
                      aria-expanded="false"
                      class="pf-v5-c-menu-toggle"
                      type="button"
                    >
                      <span
                        class="pf-v5-c-menu-toggle__text"
                      >
                        Identifier
                      </span>
                      <span
                        class="pf-v5-c-menu-toggle__controls"
                      >
                        <span
                          class="pf-v5-c-menu-toggle__toggle-icon"
                        >
                          <svg
                            aria-hidden="true"
                            class="pf-v5-svg"
                            fill="currentColor"
                            height="1em"
                            role="img"
                            viewBox="0 0 320 512"
                            width="1em"
                          >
                            <path
                              d="M31.3 192h257.3c17.8 0 26.7 21.5 14.1 34.1L174.1 354.8c-7.8 7.8-20.5 7.8-28.3 0L17.2 226.1C4.6 213.5 13.5 192 31.3 192z"
                            />
                          </svg>
                        </span>
                      </span>
                    </button>
                  </div>
                </div>
                <div
                  class="pf-v5-c-input-group__item"
                >
                  <span
                    class="pf-v5-c-form-control form-input"
                  >
                    <input
                      aria-invalid="false"
                      data-ouia-component-id="OUIA-Generated-TextInputBase-3"
                      data-ouia-component-type="PF5/TextInput"
                      data-ouia-safe="true"
                      id="filter-text"
                      placeholder="string | !string | s?ring | st*g"
                      type="text"
                      value=""
                    />
                  </span>
                </div>
              </div>
            </div>
          </div>
        </div>
      </div>
      <div
        class="shadow-global bg-w p-b-global p-l-global p-r-global"
      >
        <div
          class=""
        >
          <div
            class="pf-v5-l-flex pf-m-space-items-none"
            style="gap: 1.5rem;"
          >
            <div
              class=""
            >
              <label
                class="pf-v5-c-switch"
                data-ouia-component-id="OUIA-Generated-Switch-3"
                data-ouia-component-type="PF5/Switch"
                data-ouia-safe="true"
                for="toggle-artifact-name-parsed"
              >
                <input
                  aria-label=""
                  aria-labelledby="toggle-artifact-name-parsed-off"
                  class="pf-v5-c-switch__input"
                  id="toggle-artifact-name-parsed"
                  type="checkbox"
                />
                <span
                  class="pf-v5-c-switch__toggle"
                />
                <span
                  aria-hidden="true"
                  class="pf-v5-c-switch__label pf-m-on"
                  id="toggle-artifact-name-parsed-on"
                >
                  Parse Artifact identifier
                </span>
                <span
                  aria-hidden="true"
                  class="pf-v5-c-switch__label pf-m-off"
                  id="toggle-artifact-name-parsed-off"
                >
                  Parse Artifact identifier
                </span>
              </label>
            </div>
            <div
              class=""
            >
              <label
                class="pf-v5-c-switch"
                data-ouia-component-id="OUIA-Generated-Switch-4"
                data-ouia-component-type="PF5/Switch"
                data-ouia-safe="true"
                for="toggle-expand-build-associated"
              >
                <input
                  aria-label=""
                  aria-labelledby="toggle-expand-build-associated-off"
                  class="pf-v5-c-switch__input"
                  id="toggle-expand-build-associated"
                  type="checkbox"
                />
                <span
                  class="pf-v5-c-switch__toggle"
                />
                <span
                  aria-hidden="true"
                  class="pf-v5-c-switch__label pf-m-on"
                  id="toggle-expand-build-associated-on"
                >
                  Expand Build associated Artifacts
                </span>
                <span
                  aria-hidden="true"
                  class="pf-v5-c-switch__label pf-m-off"
                  id="toggle-expand-build-associated-off"
                >
                  Expand Build associated Artifacts
                </span>
              </label>
            </div>
          </div>
        </div>
      </div>
      <div
        class="shadow-global bg-w border-t-gray"
      >
        <div
          class=""
        >
          <table
            class="pf-v5-c-table pf-m-grid-md pf-m-compact pf-m-striped pf-m-expandable"
            data-ouia-component-id="OUIA-Generated-Table-2"
            data-ouia-component-type="PF5/Table"
            data-ouia-safe="true"
            role="grid"
          >
            <thead
              class="pf-v5-c-table__thead"
            >
              <tr
                class="pf-v5-c-table__tr"
                data-ouia-component-id="OUIA-Generated-TableRow-4"
                data-ouia-component-type="PF5/TableRow"
                data-ouia-safe="true"
              >
                <th
                  aria-label="Expand all"
                  class="pf-v5-c-table__th pf-v5-c-table__toggle"
                  scope="col"
                  tabindex="-1"
                >
                  <button
                    aria-disabled="false"
                    aria-expanded="false"
                    aria-label="Expand all rows"
                    aria-labelledby="simple-node-1 expand-toggle-1"
                    class="pf-v5-c-button pf-m-plain"
                    data-ouia-component-id="OUIA-Generated-Button-plain-11"
                    data-ouia-component-type="PF5/Button"
                    data-ouia-safe="true"
                    id="expand-toggle-1"
                    type="button"
                  >
                    <div
                      class="pf-v5-c-table__toggle-icon"
                    >
                      <svg
                        aria-hidden="true"
                        class="pf-v5-svg"
                        fill="currentColor"
                        height="1em"
                        role="img"
                        viewBox="0 0 320 512"
                        width="1em"
                      >
                        <path
                          d="M143 352.3L7 216.3c-9.4-9.4-9.4-24.6 0-33.9l22.6-22.6c9.4-9.4 24.6-9.4 33.9 0l96.4 96.4 96.4-96.4c9.4-9.4 24.6-9.4 33.9 0l22.6 22.6c9.4 9.4 9.4 24.6 0 33.9l-136 136c-9.2 9.4-24.4 9.4-33.8 0z"
                        />
                      </svg>
                    </div>
                  </button>
                </th>
                <th
                  aria-label="Build Icon"
                  class="pf-v5-c-table__th pf-m-width-10"
                  scope="col"
                  tabindex="-1"
                />
                <th
                  aria-sort="ascending"
                  class="pf-v5-c-table__th pf-v5-c-table__sort pf-m-selected pf-m-width-30"
                  scope="col"
                  tabindex="-1"
                >
                  <button
                    class="pf-v5-c-table__button"
                    type="button"
                  >
                    <div
                      class="pf-v5-c-table__button-content"
                    >
                      <span
                        class="pf-v5-c-table__text"
                      >
                        Identifier
                      </span>
                      <span
                        class="pf-v5-c-table__sort-indicator"
                      >
                        <svg
                          aria-hidden="true"
                          class="pf-v5-svg"
                          fill="currentColor"
                          height="1em"
                          role="img"
                          viewBox="0 0 256 512"
                          width="1em"
                        >
                          <path
                            d="M88 166.059V468c0 6.627 5.373 12 12 12h56c6.627 0 12-5.373 12-12V166.059h46.059c21.382 0 32.09-25.851 16.971-40.971l-86.059-86.059c-9.373-9.373-24.569-9.373-33.941 0l-86.059 86.059c-15.119 15.119-4.411 40.971 16.971 40.971H88z"
                          />
                        </svg>
                      </span>
                    </div>
                  </button>
                </th>
                <th
                  aria-sort="none"
                  class="pf-v5-c-table__th pf-v5-c-table__sort pf-m-width-15"
                  scope="col"
                  tabindex="-1"
                >
                  <button
                    class="pf-v5-c-table__button"
                    type="button"
                  >
                    <div
                      class="pf-v5-c-table__button-content"
                    >
                      <span
                        class="pf-v5-c-table__text"
                      >
                        Repository Type
                      </span>
                      <span
                        class="pf-v5-c-table__sort-indicator"
                      >
                        <svg
                          aria-hidden="true"
                          class="pf-v5-svg"
                          fill="currentColor"
                          height="1em"
                          role="img"
                          viewBox="0 0 256 512"
                          width="1em"
                        >
                          <path
                            d="M214.059 377.941H168V134.059h46.059c21.382 0 32.09-25.851 16.971-40.971L144.971 7.029c-9.373-9.373-24.568-9.373-33.941 0L24.971 93.088c-15.119 15.119-4.411 40.971 16.971 40.971H88v243.882H41.941c-21.382 0-32.09 25.851-16.971 40.971l86.059 86.059c9.373 9.373 24.568 9.373 33.941 0l86.059-86.059c15.12-15.119 4.412-40.971-16.97-40.971z"
                          />
                        </svg>
                      </span>
                    </div>
                  </button>
                </th>
                <th
                  aria-sort="none"
                  class="pf-v5-c-table__th pf-v5-c-table__sort pf-m-width-15"
                  scope="col"
                  tabindex="-1"
                >
                  <button
                    class="pf-v5-c-table__button"
                    type="button"
                  >
                    <div
                      class="pf-v5-c-table__button-content"
                    >
                      <span
                        class="pf-v5-c-table__text"
                      >
                        Build Category
                      </span>
                      <span
                        class="pf-v5-c-table__sort-indicator"
                      >
                        <svg
                          aria-hidden="true"
                          class="pf-v5-svg"
                          fill="currentColor"
                          height="1em"
                          role="img"
                          viewBox="0 0 256 512"
                          width="1em"
                        >
                          <path
                            d="M214.059 377.941H168V134.059h46.059c21.382 0 32.09-25.851 16.971-40.971L144.971 7.029c-9.373-9.373-24.568-9.373-33.941 0L24.971 93.088c-15.119 15.119-4.411 40.971 16.971 40.971H88v243.882H41.941c-21.382 0-32.09 25.851-16.971 40.971l86.059 86.059c9.373 9.373 24.568 9.373 33.941 0l86.059-86.059c15.12-15.119 4.412-40.971-16.97-40.971z"
                          />
                        </svg>
                      </span>
                    </div>
                  </button>
                </th>
                <th
                  aria-sort="none"
                  class="pf-v5-c-table__th pf-v5-c-table__sort pf-m-width-25"
                  scope="col"
                  tabindex="-1"
                >
                  <button
                    class="pf-v5-c-table__button"
                    type="button"
                  >
                    <div
                      class="pf-v5-c-table__button-content"
                    >
                      <span
                        class="pf-v5-c-table__text"
                      >
                        Filename
                      </span>
                      <span
                        class="pf-v5-c-table__sort-indicator"
                      >
                        <svg
                          aria-hidden="true"
                          class="pf-v5-svg"
                          fill="currentColor"
                          height="1em"
                          role="img"
                          viewBox="0 0 256 512"
                          width="1em"
                        >
                          <path
                            d="M214.059 377.941H168V134.059h46.059c21.382 0 32.09-25.851 16.971-40.971L144.971 7.029c-9.373-9.373-24.568-9.373-33.941 0L24.971 93.088c-15.119 15.119-4.411 40.971 16.971 40.971H88v243.882H41.941c-21.382 0-32.09 25.851-16.971 40.971l86.059 86.059c9.373 9.373 24.568 9.373 33.941 0l86.059-86.059c15.12-15.119 4.412-40.971-16.97-40.971z"
                          />
                        </svg>
                      </span>
                    </div>
                  </button>
                </th>
                <th
                  aria-sort="none"
                  class="pf-v5-c-table__th pf-v5-c-table__sort pf-m-width-15"
                  scope="col"
                  tabindex="-1"
                >
                  <button
                    class="pf-v5-c-table__button"
                    type="button"
                  >
                    <div
                      class="pf-v5-c-table__button-content"
                    >
                      <span
                        class="pf-v5-c-table__text"
                      >
                        Artifact Quality
                      </span>
                      <span
                        class="pf-v5-c-table__sort-indicator"
                      >
                        <svg
                          aria-hidden="true"
                          class="pf-v5-svg"
                          fill="currentColor"
                          height="1em"
                          role="img"
                          viewBox="0 0 256 512"
                          width="1em"
                        >
                          <path
                            d="M214.059 377.941H168V134.059h46.059c21.382 0 32.09-25.851 16.971-40.971L144.971 7.029c-9.373-9.373-24.568-9.373-33.941 0L24.971 93.088c-15.119 15.119-4.411 40.971 16.971 40.971H88v243.882H41.941c-21.382 0-32.09 25.851-16.971 40.971l86.059 86.059c9.373 9.373 24.568 9.373 33.941 0l86.059-86.059c15.12-15.119 4.412-40.971-16.97-40.971z"
                          />
                        </svg>
                      </span>
                    </div>
                  </button>
                </th>
              </tr>
            </thead>
            <tbody
              class="pf-v5-c-table__tbody"
              role="rowgroup"
            >
              <tr
                class="pf-v5-c-table__tr"
                data-ouia-component-id="OUIA-Generated-TableRow-5"
                data-ouia-component-type="PF5/TableRow"
                data-ouia-safe="true"
              >
                <td
                  class="pf-v5-c-table__td pf-v5-c-table__toggle"
                  tabindex="-1"
                >
                  <button
                    aria-disabled="false"
                    aria-expanded="false"
                    aria-label="Details"
                    aria-labelledby="simple-node0 expand-toggle0"
                    class="pf-v5-c-button pf-m-plain"
                    data-ouia-component-id="OUIA-Generated-Button-plain-12"
                    data-ouia-component-type="PF5/Button"
                    data-ouia-safe="true"
                    id="expand-toggle0"
                    type="button"
                  >
                    <div
                      class="pf-v5-c-table__toggle-icon"
                    >
                      <svg
                        aria-hidden="true"
                        class="pf-v5-svg"
                        fill="currentColor"
                        height="1em"
                        role="img"
                        viewBox="0 0 320 512"
                        width="1em"
                      >
                        <path
                          d="M143 352.3L7 216.3c-9.4-9.4-9.4-24.6 0-33.9l22.6-22.6c9.4-9.4 24.6-9.4 33.9 0l96.4 96.4 96.4-96.4c9.4-9.4 24.6-9.4 33.9 0l22.6 22.6c9.4 9.4 9.4 24.6 0 33.9l-136 136c-9.2 9.4-24.4 9.4-33.8 0z"
                        />
                      </svg>
                    </div>
                  </button>
                </td>
                <td
                  class="pf-v5-c-table__td"
                  tabindex="-1"
                />
                <td
                  class="pf-v5-c-table__td"
                  tabindex="-1"
                >
                  <div
                    class="pf-v5-l-flex pf-m-space-items-lg"
                  >
                    <div
                      class=""
                    >
                      <a
                        href="/artifacts/1853"
                      >
                        abbrev:1.1.1
                      </a>
                    </div>
                  </div>
                </td>
                <td
                  class="pf-v5-c-table__td"
                  tabindex="-1"
                >
                  <span
                    class="pf-v5-c-label pf-m-purple"
                  >
                    <span
                      class="pf-v5-c-label__content"
                    >
                      <span
                        class="pf-v5-c-label__text"
                      >
                        NPM
                      </span>
                    </span>
                  </span>
                </td>
                <td
                  class="pf-v5-c-table__td"
                  tabindex="-1"
                >
                  <span
                    class="pf-v5-c-label"
                  >
                    <span
                      class="pf-v5-c-label__content"
                    >
                      <span
                        class="pf-v5-c-label__text"
                      >
                        STANDARD
                      </span>
                    </span>
                  </span>
                </td>
                <td
                  class="pf-v5-c-table__td"
                  tabindex="-1"
                >
                  <div>
                    <span
                      class="download-icon"
                    >
                      <a
                        href="http://indy-gateway-master-devel.psi.redhat.com/api/content/npm/hosted/shared-imports/abbrev/-/abbrev-1.1.1.tgz"
                        target="_self"
                      >
                        <svg
                          aria-hidden="true"
                          class="pf-v5-svg"
                          fill="currentColor"
                          height="1em"
                          role="img"
                          viewBox="0 0 512 512"
                          width="1em"
                        >
                          <path
                            d="M216 0h80c13.3 0 24 10.7 24 24v168h87.7c17.8 0 26.7 21.5 14.1 34.1L269.7 378.3c-7.5 7.5-19.8 7.5-27.3 0L90.1 226.1c-12.6-12.6-3.7-34.1 14.1-34.1H192V24c0-13.3 10.7-24 24-24zm296 376v112c0 13.3-10.7 24-24 24H24c-13.3 0-24-10.7-24-24V376c0-13.3 10.7-24 24-24h146.7l49 49c20.1 20.1 52.5 20.1 72.6 0l49-49H488c13.3 0 24 10.7 24 24zm-124 88c0-11-9-20-20-20s-20 9-20 20 9 20 20 20 20-9 20-20zm64 0c0-11-9-20-20-20s-20 9-20 20 9 20 20 20 20-9 20-20z"
                          />
                        </svg>
                      </a>
                    </span>
                    <span>
                      <a
                        href="http://indy-gateway-master-devel.psi.redhat.com/api/content/npm/hosted/shared-imports/abbrev/-/abbrev-1.1.1.tgz"
                        target="_self"
                      >
                        abbrev-1.1.1.tgz
                      </a>
                    </span>
                  </div>
                </td>
                <td
                  class="pf-v5-c-table__td"
                  tabindex="-1"
                >
                  <span
                    class="pf-v5-c-label"
                  >
                    <span
                      class="pf-v5-c-label__content"
                    >
                      <span
                        class="pf-v5-c-label__text"
                      >
                        NEW
                      </span>
                    </span>
                  </span>
                </td>
              </tr>
              <tr
                class="pf-v5-c-table__tr pf-v5-c-table__expandable-row"
                data-ouia-component-id="OUIA-Generated-TableRow-6"
                data-ouia-component-type="PF5/TableRow"
                data-ouia-safe="true"
                hidden=""
              >
                <td
                  class="pf-v5-c-table__td"
                  tabindex="-1"
                />
                <td
                  class="pf-v5-c-table__td"
                  colspan="7"
                  tabindex="-1"
                >
                  <div
                    class="pf-v5-c-table__expandable-row-content"
                  >
                    <dl
                      class="pf-v5-c-description-list pf-m-horizontal pf-m-compact gap-5"
                    >
                      <div
                        class="pf-v5-c-description-list__group"
                      >
                        <dt
                          class="pf-v5-c-description-list__term"
                        >
                          <span
                            class="pf-v5-c-description-list__text"
                          >
                            md5
                          </span>
                        </dt>
                        <dd
                          class="pf-v5-c-description-list__description"
                        >
                          <div
                            class="pf-v5-c-description-list__text"
                          >
                            a2177e7d2ad8d263e6c38e6fe8dd6f79
                          </div>
                        </dd>
                      </div>
                      <div
                        class="pf-v5-c-description-list__group"
                      >
                        <dt
                          class="pf-v5-c-description-list__term"
                        >
                          <span
                            class="pf-v5-c-description-list__text"
                          >
                            sha1
                          </span>
                        </dt>
                        <dd
                          class="pf-v5-c-description-list__description"
                        >
                          <div
                            class="pf-v5-c-description-list__text"
                          >
                            f8f2c887ad10bf67f634f005b6987fed3179aac8
                          </div>
                        </dd>
                      </div>
                      <div
                        class="pf-v5-c-description-list__group"
                      >
                        <dt
                          class="pf-v5-c-description-list__term"
                        >
                          <span
                            class="pf-v5-c-description-list__text"
                          >
                            sha256
                          </span>
                        </dt>
                        <dd
                          class="pf-v5-c-description-list__description"
                        >
                          <div
                            class="pf-v5-c-description-list__text"
                          >
                            0cc19d22a5f9a54ff45f64509c56c7aedb358215a41be9a9c7c0be8c8673ba6d
                          </div>
                        </dd>
                      </div>
                      <div
                        class="pf-v5-c-description-list__group m-t-10"
                      >
                        <dt
                          class="pf-v5-c-description-list__term"
                        >
                          <span
                            class="pf-v5-c-description-list__text"
                          >
                            Build
                          </span>
                        </dt>
                        <dd
                          class="pf-v5-c-description-list__description"
                        >
                          <div
                            class="pf-v5-c-description-list__text"
                          >
                            <div
                              style="display: contents;"
                            >
                               
                              <svg
                                aria-hidden="true"
                                class="pf-v5-svg"
                                fill="currentColor"
                                height="1em"
                                role="img"
                                viewBox="0 0 512 512"
                                width="1em"
                              >
                                <path
                                  d="M256 8C119.043 8 8 119.083 8 256c0 136.997 111.043 248 248 248s248-111.003 248-248C504 119.083 392.957 8 256 8zm0 110c23.196 0 42 18.804 42 42s-18.804 42-42 42-42-18.804-42-42 18.804-42 42-42zm56 254c0 6.627-5.373 12-12 12h-88c-6.627 0-12-5.373-12-12v-24c0-6.627 5.373-12 12-12h12v-64h-12c-6.627 0-12-5.373-12-12v-24c0-6.627 5.373-12 12-12h64c6.627 0 12 5.373 12 12v100h12c6.627 0 12 5.373 12 12v24z"
                                />
                              </svg>
                            </div>
                             
                            <span>
                              <span
                                class="value-empty"
                              >
                                Empty
                              </span>
                            </span>
                          </div>
                        </dd>
                      </div>
                    </dl>
                  </div>
                </td>
              </tr>
            </tbody>
          </table>
        </div>
      </div>
      <div
        class="shadow-global bg-w"
      >
        <div
          class=""
        >
          <div>
            <div
              class="pf-v5-c-pagination pf-m-bottom"
              data-ouia-component-id="OUIA-Generated-Pagination-bottom-2"
              data-ouia-component-type="PF5/Pagination"
              data-ouia-safe="true"
              id="options-menu-bottom-pagination"
              style="--pf-v5-c-pagination__nav-page-select--c-form-control--width-chars: 2;"
            >
              <div>
                <button
                  aria-expanded="false"
                  aria-haspopup="listbox"
                  class="pf-v5-c-menu-toggle pf-m-plain pf-m-text"
                  id="options-menu-bottom-toggle"
                  type="button"
                >
                  <span
                    class="pf-v5-c-menu-toggle__text"
                  >
                    <b>
                      1
                       - 
                      1
                    </b>
                     
                    of
                     
                    <b>
                      1
                    </b>
                     
                    
                  </span>
                  <span
                    class="pf-v5-c-menu-toggle__controls"
                  >
                    <span
                      class="pf-v5-c-menu-toggle__toggle-icon"
                    >
                      <svg
                        aria-hidden="true"
                        class="pf-v5-svg"
                        fill="currentColor"
                        height="1em"
                        role="img"
                        viewBox="0 0 320 512"
                        width="1em"
                      >
                        <path
                          d="M31.3 192h257.3c17.8 0 26.7 21.5 14.1 34.1L174.1 354.8c-7.8 7.8-20.5 7.8-28.3 0L17.2 226.1C4.6 213.5 13.5 192 31.3 192z"
                        />
                      </svg>
                    </span>
                  </span>
                </button>
              </div>
              <nav
                aria-label="Pagination"
                class="pf-v5-c-pagination__nav"
              >
                <div
                  class="pf-v5-c-pagination__nav-control pf-m-first"
                >
                  <button
                    aria-disabled="true"
                    aria-label="Go to first page"
                    class="pf-v5-c-button pf-m-plain pf-m-disabled"
                    data-action="first"
                    data-ouia-component-id="OUIA-Generated-Button-plain-7"
                    data-ouia-component-type="PF5/Button"
                    data-ouia-safe="true"
                    disabled=""
                    type="button"
                  >
                    <svg
                      aria-hidden="true"
                      class="pf-v5-svg"
                      fill="currentColor"
                      height="1em"
                      role="img"
                      viewBox="0 0 448 512"
                      width="1em"
                    >
                      <path
                        d="M223.7 239l136-136c9.4-9.4 24.6-9.4 33.9 0l22.6 22.6c9.4 9.4 9.4 24.6 0 33.9L319.9 256l96.4 96.4c9.4 9.4 9.4 24.6 0 33.9L393.7 409c-9.4 9.4-24.6 9.4-33.9 0l-136-136c-9.5-9.4-9.5-24.6-.1-34zm-192 34l136 136c9.4 9.4 24.6 9.4 33.9 0l22.6-22.6c9.4-9.4 9.4-24.6 0-33.9L127.9 256l96.4-96.4c9.4-9.4 9.4-24.6 0-33.9L201.7 103c-9.4-9.4-24.6-9.4-33.9 0l-136 136c-9.5 9.4-9.5 24.6-.1 34z"
                      />
                    </svg>
                  </button>
                </div>
                <div
                  class="pf-v5-c-pagination__nav-control"
                >
                  <button
                    aria-disabled="true"
                    aria-label="Go to previous page"
                    class="pf-v5-c-button pf-m-plain pf-m-disabled"
                    data-action="previous"
                    data-ouia-component-id="OUIA-Generated-Button-plain-8"
                    data-ouia-component-type="PF5/Button"
                    data-ouia-safe="true"
                    disabled=""
                    type="button"
                  >
                    <svg
                      aria-hidden="true"
                      class="pf-v5-svg"
                      fill="currentColor"
                      height="1em"
                      role="img"
                      viewBox="0 0 256 512"
                      width="1em"
                    >
                      <path
                        d="M31.7 239l136-136c9.4-9.4 24.6-9.4 33.9 0l22.6 22.6c9.4 9.4 9.4 24.6 0 33.9L127.9 256l96.4 96.4c9.4 9.4 9.4 24.6 0 33.9L201.7 409c-9.4 9.4-24.6 9.4-33.9 0l-136-136c-9.5-9.4-9.5-24.6-.1-34z"
                      />
                    </svg>
                  </button>
                </div>
                <div
                  class="pf-v5-c-pagination__nav-page-select"
                >
                  <span
                    class="pf-v5-c-form-control pf-m-disabled"
                  >
                    <input
                      aria-invalid="false"
                      aria-label="Current page"
                      data-ouia-component-id="OUIA-Generated-TextInputBase-4"
                      data-ouia-component-type="PF5/TextInput"
                      data-ouia-safe="true"
                      disabled=""
                      max="1"
                      min="1"
                      type="number"
                      value="1"
                    />
                  </span>
                  <span
                    aria-hidden="true"
                  >
                    of
                     
                    1
                  </span>
                </div>
                <div
                  class="pf-v5-c-pagination__nav-control"
                >
                  <button
                    aria-disabled="true"
                    aria-label="Go to next page"
                    class="pf-v5-c-button pf-m-plain pf-m-disabled"
                    data-action="next"
                    data-ouia-component-id="OUIA-Generated-Button-plain-9"
                    data-ouia-component-type="PF5/Button"
                    data-ouia-safe="true"
                    disabled=""
                    type="button"
                  >
                    <svg
                      aria-hidden="true"
                      class="pf-v5-svg"
                      fill="currentColor"
                      height="1em"
                      role="img"
                      viewBox="0 0 256 512"
                      width="1em"
                    >
                      <path
                        d="M224.3 273l-136 136c-9.4 9.4-24.6 9.4-33.9 0l-22.6-22.6c-9.4-9.4-9.4-24.6 0-33.9l96.4-96.4-96.4-96.4c-9.4-9.4-9.4-24.6 0-33.9L54.3 103c9.4-9.4 24.6-9.4 33.9 0l136 136c9.5 9.4 9.5 24.6.1 34z"
                      />
                    </svg>
                  </button>
                </div>
                <div
                  class="pf-v5-c-pagination__nav-control pf-m-last"
                >
                  <button
                    aria-disabled="true"
                    aria-label="Go to last page"
                    class="pf-v5-c-button pf-m-plain pf-m-disabled"
                    data-action="last"
                    data-ouia-component-id="OUIA-Generated-Button-plain-10"
                    data-ouia-component-type="PF5/Button"
                    data-ouia-safe="true"
                    disabled=""
                    type="button"
                  >
                    <svg
                      aria-hidden="true"
                      class="pf-v5-svg"
                      fill="currentColor"
                      height="1em"
                      role="img"
                      viewBox="0 0 448 512"
                      width="1em"
                    >
                      <path
                        d="M224.3 273l-136 136c-9.4 9.4-24.6 9.4-33.9 0l-22.6-22.6c-9.4-9.4-9.4-24.6 0-33.9l96.4-96.4-96.4-96.4c-9.4-9.4-9.4-24.6 0-33.9L54.3 103c9.4-9.4 24.6-9.4 33.9 0l136 136c9.5 9.4 9.5 24.6.1 34zm192-34l-136-136c-9.4-9.4-24.6-9.4-33.9 0l-22.6 22.6c-9.4 9.4-9.4 24.6 0 33.9l96.4 96.4-96.4 96.4c-9.4 9.4-9.4 24.6 0 33.9l22.6 22.6c9.4 9.4 24.6 9.4 33.9 0l136-136c9.4-9.2 9.4-24.4 0-33.8z"
                      />
                    </svg>
                  </button>
                </div>
              </nav>
            </div>
          </div>
        </div>
      </div>
    </section>
  </div>,
  "debug": [Function],
  "findAllByAltText": [Function],
  "findAllByDisplayValue": [Function],
  "findAllByLabelText": [Function],
  "findAllByPlaceholderText": [Function],
  "findAllByRole": [Function],
  "findAllByTestId": [Function],
  "findAllByText": [Function],
  "findAllByTitle": [Function],
  "findByAltText": [Function],
  "findByDisplayValue": [Function],
  "findByLabelText": [Function],
  "findByPlaceholderText": [Function],
  "findByRole": [Function],
  "findByTestId": [Function],
  "findByText": [Function],
  "findByTitle": [Function],
  "getAllByAltText": [Function],
  "getAllByDisplayValue": [Function],
  "getAllByLabelText": [Function],
  "getAllByPlaceholderText": [Function],
  "getAllByRole": [Function],
  "getAllByTestId": [Function],
  "getAllByText": [Function],
  "getAllByTitle": [Function],
  "getByAltText": [Function],
  "getByDisplayValue": [Function],
  "getByLabelText": [Function],
  "getByPlaceholderText": [Function],
  "getByRole": [Function],
  "getByTestId": [Function],
  "getByText": [Function],
  "getByTitle": [Function],
  "queryAllByAltText": [Function],
  "queryAllByDisplayValue": [Function],
  "queryAllByLabelText": [Function],
  "queryAllByPlaceholderText": [Function],
  "queryAllByRole": [Function],
  "queryAllByTestId": [Function],
  "queryAllByText": [Function],
  "queryAllByTitle": [Function],
  "queryByAltText": [Function],
  "queryByDisplayValue": [Function],
  "queryByLabelText": [Function],
  "queryByPlaceholderText": [Function],
  "queryByRole": [Function],
  "queryByTestId": [Function],
  "queryByText": [Function],
  "queryByTitle": [Function],
  "rerender": [Function],
  "unmount": [Function],
}
`;
