// Vitest Snapshot v1, https://vitest.dev/guide/snapshot.html

exports[`display MilestoneReleaseLabel component > compare snapshot with previous record 1`] = `
<div>
  <div
    style="display: contents;"
  >
    <span
      class="pf-v6-c-label pf-m-blue pf-m-filled pf-m-clickable _milestone-release-label_3a1f5b"
    >
      <span
        class="pf-v6-c-label__content pf-m-clickable"
      >
        <span
          class="pf-v6-c-label__text"
        >
           
          ERP1.2.3
        </span>
      </span>
    </span>
  </div>
  <div
    style="display: contents;"
  >
    <span
      class="pf-v6-c-label pf-m-teal pf-m-filled pf-m-clickable _milestone-release-label_3a1f5b"
    >
      <span
        class="pf-v6-c-label__content pf-m-clickable"
      >
        <span
          class="pf-v6-c-label__text"
        >
           
          ERP1.2.4-C
        </span>
      </span>
    </span>
  </div>
  <div
    style="display: contents;"
  >
    <span
      class="pf-v6-c-label pf-m-green pf-m-filled _milestone-release-label_3a1f5b _milestone-release-label--release_3a1f5b"
    >
      <span
        class="pf-v6-c-label__content"
      >
        <span
          class="pf-v6-c-label__text"
        >
           
          CAM1.2.5
        </span>
      </span>
    </span>
  </div>
</div>
`;
